// Jest Snapshot v1, https://goo.gl/fbAQLP

exports[`renders correctly 1`] = `
<Text
  $customStyle="
        font-size: 14px;
        font-weight: normal;
    "
  style={
    [
      {
        "fontSize": 14,
        "fontWeight": "normal",
      },
      undefined,
    ]
  }
>
  Snapshot test!
</Text>
`;
